V3 3
FL C:/VHDL_Repositorio/SERIAL/RS232_Digilent/UART_RxTx/RS232_RxTx.vhd 2020/03/05.10:24:10 P.58f
EN work/Rs232_RxTx 1583421856 \
      FL C:/VHDL_Repositorio/SERIAL/RS232_Digilent/UART_RxTx/RS232_RxTx.vhd \
      PB ieee/std_logic_1164 1364358218 PB ieee/std_logic_arith 1364358219 \
      PB ieee/STD_LOGIC_UNSIGNED 1364358221
AR work/Rs232_RxTx/Behavioral 1583421857 \
      FL C:/VHDL_Repositorio/SERIAL/RS232_Digilent/UART_RxTx/RS232_RxTx.vhd \
      EN work/Rs232_RxTx 1583421856
